// Jest Snapshot v1, https://goo.gl/fbAQLP

exports[`test Home container component snapshot 1`] = `ReactWrapper {}`;
