// Jest Snapshot v1, https://goo.gl/fbAQLP

exports[`test MonthPicker component snapshot 1`] = `ReactWrapper {}`;
