// Jest Snapshot v1, https://goo.gl/fbAQLP

exports[`test PriceList component snapshot 1`] = `ShallowWrapper {}`;
