// Jest Snapshot v1, https://goo.gl/fbAQLP

exports[`test ViewTab component snapshot 1`] = `ShallowWrapper {}`;
